[backblue.gif]
[fade.gif]
[index.html]
[organicthemes.com/demo/profile/wp-content/themes/organic_profile/images/favicon.ico]
[organicthemes.com/demo/profile/feed/index.html]
[apis.google.com/js/plusone.js]
[organicthemes.com/demo/profile/comments/feed/index.html]
[platform.twitter.com/widgets.js]
[organicthemes.com/demo/profile/wp-content/themes/organic_profile/js/html5shiva560.js]
[organicthemes.com/demo/profile/wp-includes/js/jquery/jquerya4e6.js]
[organicthemes.com/demo/profile/wp-includes/js/jquery/jquery-migrate.min1576.js]
[organicthemes.com/demo/profile/wp-content/themes/organic_profile/js/hoverIntent857e.js]
[organicthemes.com/demo/profile/wp-content/themes/organic_profile/js/superfish857e.js]
[organicthemes.com/demo/profile/wp-content/themes/organic_profile/js/jquery.fitVids857e.js]
[organicthemes.com/demo/profile/wp-content/themes/organic_profile/js/jquery.isotope44b1.js]
[organicthemes.com/demo/profile/wp-content/themes/organic_profile/js/jquery.flexslider857e.js]
[organicthemes.com/demo/profile/wp-content/themes/organic_profile/js/twitter.min857e.js]
[organicthemes.com/demo/profile/wp-content/themes/organic_profile/organic-shortcodes/js/jquery.modal.min44b1.js]
[organicthemes.com/demo/profile/wp-includes/wlwmanifest.xml]
[organicthemes.com/demo/profile/wp-content/themes/organic_profile/images/background.jpg]
[organicthemes.com/demo/profile/wp-content/themes/organic_profile/images/logo.png]
[organicthemes.com/demo/profile/files/2012/12/profile_img.png]
[organicthemes.com/demo/profile/files/2012/12/screen-03-880x496.jpg]
[organicthemes.com/demo/profile/files/2012/12/screen-06-880x496.jpg]
[organicthemes.com/demo/profile/files/2012/12/screen-02-880x496.jpg]
[organicthemes.com/demo/profile/files/2012/12/screen-05-880x496.jpg]
[organicthemes.com/demo/profile/files/2012/12/cartoon_character.png]
[organicthemes.com/demo/profile/wp-content/themes/organic_profile/images/screen.png]
[organicthemes.com/demo/profile/wp-includes/js/masonry.min0226.js]
[organicthemes.com/demo/profile/wp-includes/js/jquery/jquery.masonry.min0226.js]
[organicthemes.com/demo/profile/wp-content/themes/organic_profile/js/jquery.custom857e.js]
[organicthemes.com/demo/profile/wp-content/themes/organic_profile/js/navigation857e.js]
[organicthemes.com/demo/profile/wp-includes/js/jquery/ui/jquery.ui.core.min2c18.js]
[organicthemes.com/demo/profile/wp-includes/js/jquery/ui/jquery.ui.widget.min2c18.js]
[organicthemes.com/demo/profile/wp-includes/js/jquery/ui/jquery.ui.accordion.min2c18.js]
[organicthemes.com/demo/profile/wp-includes/js/jquery/ui/jquery.ui.mouse.min2c18.js]
[organicthemes.com/demo/profile/wp-includes/js/jquery/ui/jquery.ui.resizable.min2c18.js]
[organicthemes.com/demo/profile/wp-includes/js/jquery/ui/jquery.ui.draggable.min2c18.js]
[organicthemes.com/demo/profile/wp-includes/js/jquery/ui/jquery.ui.button.min2c18.js]
[organicthemes.com/demo/profile/wp-includes/js/jquery/ui/jquery.ui.position.min2c18.js]
[organicthemes.com/demo/profile/wp-includes/js/jquery/ui/jquery.ui.dialog.min2c18.js]
[organicthemes.com/demo/profile/wp-content/themes/organic_profile/organic-shortcodes/js/jquery.shortcodes44b1.js]
[organicthemes.com/demo/profile/wp-includes/js/jquery/ui/jquery.ui.tabs.min2c18.js]
[organicthemes.com/demo/profile/wp-content/themes/organic_profile/organic-shortcodes/js/tabsd5a6.js]
[organicthemes.com/demo/profile/index.html]
[organicthemes.com/demo/profile/xmlrpc.html]
[organicthemes.com/demo/profile/wp-content/themes/organic_profile/images/next_btn.png]
[organicthemes.com/demo/profile/wp-content/themes/organic_profile/images/prev_btn.png]
[organicthemes.com/demo/profile/wp-content/themes/organic_profile/stylea560.css]
[organicthemes.com/demo/profile/wp-content/themes/organic_profile/css/style-mobile5152.css]
[connect.facebook.net/en_US/all.js]
[organicthemes.com/demo/profile/wp-content/themes/organic_profile/images/close.png]
[organicthemes.com/demo/profile/wp-content/themes/organic_profile/organic-shortcodes/css/organic-shortcodes5152.css]
[organicthemes.com/demo/profile/wp-content/themes/organic_profile/organic-shortcodes/fonts/fontawesome-webfont862f.eot]
[organicthemes.com/demo/profile/wp-content/themes/organic_profile/organic-shortcodes/fonts/fontawesome-webfontd41d.eot]
[organicthemes.com/demo/profile/wp-content/themes/organic_profile/organic-shortcodes/fonts/fontawesome-webfont862f.woff]
[organicthemes.com/demo/profile/wp-content/themes/organic_profile/organic-shortcodes/fonts/fontawesome-webfont862f.ttf]
[organicthemes.com/demo/profile/wp-content/themes/organic_profile/organic-shortcodes/css/font-awesome5152.css]
[organicthemes.com/demo/profile/xmlrpc0db0.html]
[organicthemes.com/demo/profile/professional/feed/index.html]
[organicthemes.com/demo/profile/wp-includes/js/comment-reply.mina560.js]
[organicthemes.com/demo/profile/professional/index.html]
[organicthemes.com/demo/profile/shortcodes/index.html]
[organicthemes.com/demo/profile/buttons/index.html]
[organicthemes.com/demo/profile/bar-ratings/index.html]
[organicthemes.com/demo/profile/icons/index.html]
[organicthemes.com/demo/profile/alert-boxes/index.html]
[organicthemes.com/demo/profile/columns/index.html]
[organicthemes.com/demo/profile/headlines/index.html]
[organicthemes.com/demo/profile/files/2012/12/print_08.png]
[organicthemes.com/demo/profile/files/2012/12/print_09.png]
[organicthemes.com/demo/profile/files/2012/12/print_10.png]
[organicthemes.com/demo/profile/files/2012/12/print_11.png]
[organicthemes.com/demo/profile/files/2012/12/print_12.png]
[organicthemes.com/demo/profile/files/2012/12/print_13.png]
[organicthemes.com/demo/profile/files/2012/12/slide_01b.png]
[organicthemes.com/demo/profile/files/2012/12/slide_02b.png]
[organicthemes.com/demo/profile/gallery/index.html]
[organicthemes.com/demo/profile/accordion/index.html]
[organicthemes.com/demo/profile/tabs/index.html]
[organicthemes.com/demo/profile/toggles/index.html]
[organicthemes.com/demo/profile/modal-box/index.html]
[organicthemes.com/demo/profile/files/2012/12/photo_05.jpg]
[organicthemes.com/demo/profile/files/2012/12/photo_06.jpg]
[organicthemes.com/demo/profile/files/2012/12/photo_07.jpg]
[organicthemes.com/demo/profile/files/2012/12/photo_08.jpg]
[organicthemes.com/demo/profile/files/2012/12/photo_09.jpg]
[organicthemes.com/demo/profile/files/2012/12/photo_10.jpg]
[organicthemes.com/demo/profile/files/2012/12/photo_11.jpg]
[organicthemes.com/demo/profile/files/2012/12/photo_12.jpg]
[organicthemes.com/demo/profile/slideshow/index.html]
[organicthemes.com/demo/profile/files/2012/12/portfolio_12.jpg]
[organicthemes.com/demo/profile/shortcodes/feed/index.html]
[organicthemes.com/demo/profile/files/2012/12/portfolio_11.jpg]
[organicthemes.com/demo/profile/buttons/feed/index.html]
[organicthemes.com/demo/profile/files/2012/12/portfolio_10.jpg]
[organicthemes.com/demo/profile/files/2012/12/portfolio_09.jpg]
[organicthemes.com/demo/profile/bar-ratings/feed/index.html]
[organicthemes.com/demo/profile/files/2012/12/portfolio_08.jpg]
[organicthemes.com/demo/profile/files/2012/12/portfolio_07.jpg]
[organicthemes.com/demo/profile/icons/feed/index.html]
[organicthemes.com/demo/profile/files/2012/12/portfolio_06.jpg]
[organicthemes.com/demo/profile/files/2012/12/portfolio_05.jpg]
[organicthemes.com/demo/profile/alert-boxes/feed/index.html]
[organicthemes.com/demo/profile/files/2012/12/portfolio_04.jpg]
[organicthemes.com/demo/profile/files/2012/12/portfolio_03.jpg]
[organicthemes.com/demo/profile/columns/feed/index.html]
[organicthemes.com/demo/profile/files/2012/12/portfolio_02.jpg]
[organicthemes.com/demo/profile/files/2012/12/portfolio_01.54.delayed]
[organicthemes.com/demo/profile/portfolio/index.html]
[organicthemes.com/demo/profile/full-width/index.html]
[organicthemes.com/demo/profile/site-archives/index.html]
[organicthemes.com/demo/profile/blog/index.html]
[organicthemes.com/demo/profile/contact/index.html]
[organicthemes.com/demo/profile/2012/12/23/organic-themes/index.html]
[organicthemes.com/demo/profile/2012/12/23/kahuna-host/index.html]
[organicthemes.com/demo/profile/2012/12/23/invulu-branding/index.html]
[organicthemes.com/demo/profile/2012/12/23/logo-design-example/index.html]
[organicthemes.com/demo/profile/2012/12/22/cartoon-character/index.html]
[organicthemes.com/demo/profile/wp-login.html]
[connect.facebook.net/en_US/all.js]
[organicthemes.com/demo/profile/wp-content/themes/organic_profile/organic-shortcodes/fonts/fontawesome-webfont862f.svg]
[organicthemes.com/demo/profile/index3961.html]
[organicthemes.com/demo/profile/2012/12/29/sustainable-logo-design/index.html]
[organicthemes.com/demo/profile/2012/12/29/scripps-pier/index.html]
[organicthemes.com/demo/profile/2012/12/29/torchlight-2-wallpaper-design/index.html]
[organicthemes.com/demo/profile/2012/12/29/prometheus-sequel/index.html]
[organicthemes.com/demo/profile/2012/12/29/star-trek-into-darkness-poster/index.html]
[organicthemes.com/demo/profile/2012/12/index.html]
[organicthemes.com/demo/profile/tag/aliens/index.html]
[organicthemes.com/demo/profile/tag/aquarius/index.html]
[organicthemes.com/demo/profile/tag/art/index.html]
[organicthemes.com/demo/profile/tag/astrology/index.html]
[organicthemes.com/demo/profile/tag/background/index.html]
[organicthemes.com/demo/profile/tag/beach/index.html]
[organicthemes.com/demo/profile/tag/blog-2/index.html]
[organicthemes.com/demo/profile/tag/california/index.html]
[organicthemes.com/demo/profile/tag/cartoon/index.html]
[organicthemes.com/demo/profile/tag/cities/index.html]
[organicthemes.com/demo/profile/tag/color/index.html]
[organicthemes.com/demo/profile/tag/concert/index.html]
[organicthemes.com/demo/profile/tag/concerts/index.html]
[organicthemes.com/demo/profile/tag/creative/index.html]
[organicthemes.com/demo/profile/tag/design/index.html]
[organicthemes.com/demo/profile/tag/designer/index.html]
[organicthemes.com/demo/profile/tag/ecommerce/index.html]
[organicthemes.com/demo/profile/tag/end-of-the-world/index.html]
[organicthemes.com/demo/profile/tag/events/index.html]
[organicthemes.com/demo/profile/tag/excited/index.html]
[organicthemes.com/demo/profile/tag/gallery/index.html]
[organicthemes.com/demo/profile/tag/graphic/index.html]
[organicthemes.com/demo/profile/tag/hiking/index.html]
[organicthemes.com/demo/profile/tag/hosting/index.html]
[organicthemes.com/demo/profile/tag/illustration/index.html]
[organicthemes.com/demo/profile/tag/images/index.html]
[organicthemes.com/demo/profile/tag/into-darkness/index.html]
[organicthemes.com/demo/profile/tag/invasion/index.html]
[organicthemes.com/demo/profile/tag/kahuna-host/index.html]
[organicthemes.com/demo/profile/tag/landscape/index.html]
[organicthemes.com/demo/profile/tag/life/index.html]
[organicthemes.com/demo/profile/tag/making-money/index.html]
[organicthemes.com/demo/profile/tag/minimal/index.html]
[organicthemes.com/demo/profile/tag/music/index.html]
[organicthemes.com/demo/profile/tag/nature/index.html]
[organicthemes.com/demo/profile/tag/new-age/index.html]
[organicthemes.com/demo/profile/tag/patterns/index.html]
[organicthemes.com/demo/profile/tag/photos/index.html]
[organicthemes.com/demo/profile/tag/responsive/index.html]
[organicthemes.com/demo/profile/tag/retina-ready/index.html]
[organicthemes.com/demo/profile/tag/rich/index.html]
[organicthemes.com/demo/profile/tag/theme/index.html]
[organicthemes.com/demo/profile/tag/vacation/index.html]
[organicthemes.com/demo/profile/tag/video/index.html]
[organicthemes.com/demo/profile/tag/wordpress/index.html]
[organicthemes.com/demo/profile/indexdd23.html]
[organicthemes.com/demo/profile/index49a5.html]
[organicthemes.com/demo/profile/index0ced.html]
[organicthemes.com/demo/profile/index2fa7.html]
[organicthemes.com/demo/profile/index5a6a.html]
[organicthemes.com/demo/profile/index3fbb.html]
[organicthemes.com/demo/profile/headlines/feed/index.html]
[organicthemes.com/demo/profile/index4720.html]
[organicthemes.com/demo/profile/gallery/feed/index.html]
[organicthemes.com/demo/profile/index5e74.html]
[organicthemes.com/demo/profile/accordion/feed/index.html]
[organicthemes.com/demo/profile/index5e74-2.html]
[organicthemes.com/demo/profile/tabs/feed/index.html]
[organicthemes.com/demo/profile/index2586.html]
[organicthemes.com/demo/profile/toggles/feed/index.html]
[organicthemes.com/demo/profile/indexc885.html]
[organicthemes.com/demo/profile/modal-box/feed/index.html]
[organicthemes.com/demo/profile/index6c15.html]
[organicthemes.com/demo/profile/slideshow/feed/index.html]
[organicthemes.com/demo/profile/index2e64.html]
[organicthemes.com/demo/profile/portfolio/feed/index.html]
[organicthemes.com/demo/profile/index2023.html]
[organicthemes.com/demo/profile/2012/12/29/concept-art-of-blizzard/index.html]
[organicthemes.com/demo/profile/2012/12/29/colorful-cartoons-of-sam-nielson/index.html]
[organicthemes.com/demo/profile/2012/12/29/mattias-adolfsson-illustration/index.html]
[organicthemes.com/demo/profile/2012/12/29/audrey-kawasaki/index.html]
[organicthemes.com/demo/profile/2012/12/29/life-after-death/index.html]
[organicthemes.com/demo/profile/2012/12/29/paris-fashions/index.html]
[organicthemes.com/demo/profile/2012/12/29/forest-through-the-trees/index.html]
[organicthemes.com/demo/profile/files/2012/12/portfolio_01.html]
